This is pdfTeX, Version 3.141592653-2.6-1.40.26 (TeX Live 2024) (preloaded format=pdflatex 2024.5.11)  18 DEC 2025 08:40
entering extended mode
 restricted \write18 enabled.
 %&-line parsing enabled.
**ICIO_PAPER.tex
(./ICIO_PAPER.tex
LaTeX2e <2023-11-01> patch level 1
L3 programming layer <2024-04-11>
(./elsarticle.cls
Document Class: elsarticle 2020/11/20, 3.3: Elsevier Ltd
(/usr/local/texlive/2024/texmf-dist/tex/latex/l3kernel/expl3.sty
Package: expl3 2024-04-11 L3 programming layer (loader) 
(/usr/local/texlive/2024/texmf-dist/tex/latex/l3backend/l3backend-pdftex.def
File: l3backend-pdftex.def 2024-04-11 L3 backend support: PDF output (pdfTeX)
\l__color_backend_stack_int=\count189
\l__pdf_internal_box=\box51
)) (/usr/local/texlive/2024/texmf-dist/tex/latex/l3packages/xparse/xparse.sty
Package: xparse 2024-03-14 L3 Experimental document command parser
) (/usr/local/texlive/2024/texmf-dist/tex/latex/etoolbox/etoolbox.sty
Package: etoolbox 2020/10/05 v2.5k e-TeX tools for LaTeX (JAW)
\etb@tempcnta=\count190
)
\@bls=\dimen140
(/usr/local/texlive/2024/texmf-dist/tex/latex/base/article.cls
Document Class: article 2023/05/17 v1.4n Standard LaTeX document class
(/usr/local/texlive/2024/texmf-dist/tex/latex/base/size10.clo
File: size10.clo 2023/05/17 v1.4n Standard LaTeX file (size option)
)
\c@part=\count191
\c@section=\count192
\c@subsection=\count193
\c@subsubsection=\count194
\c@paragraph=\count195
\c@subparagraph=\count196
\c@figure=\count197
\c@table=\count198
\abovecaptionskip=\skip48
\belowcaptionskip=\skip49
\bibindent=\dimen141
) (/usr/local/texlive/2024/texmf-dist/tex/latex/graphics/graphicx.sty
Package: graphicx 2021/09/16 v1.2d Enhanced LaTeX Graphics (DPC,SPQR)
(/usr/local/texlive/2024/texmf-dist/tex/latex/graphics/keyval.sty
Package: keyval 2022/05/29 v1.15 key=value parser (DPC)
\KV@toks@=\toks17
) (/usr/local/texlive/2024/texmf-dist/tex/latex/graphics/graphics.sty
Package: graphics 2022/03/10 v1.4e Standard LaTeX Graphics (DPC,SPQR)
(/usr/local/texlive/2024/texmf-dist/tex/latex/graphics/trig.sty
Package: trig 2021/08/11 v1.11 sin cos tan (DPC)
) (/usr/local/texlive/2024/texmf-dist/tex/latex/graphics-cfg/graphics.cfg
File: graphics.cfg 2016/06/04 v1.11 sample graphics configuration
)
Package graphics Info: Driver file: pdftex.def on input line 107.
(/usr/local/texlive/2024/texmf-dist/tex/latex/graphics-def/pdftex.def
File: pdftex.def 2024/04/13 v1.2c Graphics/color driver for pdftex
))
\Gin@req@height=\dimen142
\Gin@req@width=\dimen143
)
\c@tnote=\count199
\c@fnote=\count266
\c@cnote=\count267
\c@ead=\count268
\c@author=\count269
\@eadauthor=\toks18
\c@affn=\count270
\absbox=\box52
\elsarticlehighlightsbox=\box53
\elsarticlegrabsbox=\box54
\keybox=\box55
\Columnwidth=\dimen144
\space@left=\dimen145
\els@boxa=\box56
\els@boxb=\box57
\leftMargin=\dimen146
\@enLab=\toks19
\@sep=\skip50
\@@sep=\skip51
(./ICIO_PAPER.spl) (/usr/local/texlive/2024/texmf-dist/tex/latex/natbib/natbib.
sty
Package: natbib 2010/09/13 8.31b (PWD, AO)
\bibhang=\skip52
\bibsep=\skip53
LaTeX Info: Redefining \cite on input line 694.
\c@NAT@ctr=\count271
)
\splwrite=\write3
\openout3 = `ICIO_PAPER.spl'.

(/usr/local/texlive/2024/texmf-dist/tex/latex/geometry/geometry.sty
Package: geometry 2020/01/02 v5.9 Page Geometry
(/usr/local/texlive/2024/texmf-dist/tex/generic/iftex/ifvtex.sty
Package: ifvtex 2019/10/25 v1.7 ifvtex legacy package. Use iftex instead.
(/usr/local/texlive/2024/texmf-dist/tex/generic/iftex/iftex.sty
Package: iftex 2022/02/03 v1.0f TeX engine tests
))
\Gm@cnth=\count272
\Gm@cntv=\count273
\c@Gm@tempcnt=\count274
\Gm@bindingoffset=\dimen147
\Gm@wd@mp=\dimen148
\Gm@odd@mp=\dimen149
\Gm@even@mp=\dimen150
\Gm@layoutwidth=\dimen151
\Gm@layoutheight=\dimen152
\Gm@layouthoffset=\dimen153
\Gm@layoutvoffset=\dimen154
\Gm@dimlist=\toks20
)
\appnamewidth=\dimen155
) (/usr/local/texlive/2024/texmf-dist/tex/latex/url/url.sty
\Urlmuskip=\muskip16
Package: url 2013/09/16  ver 3.4  Verb mode for urls, etc.
) (/usr/local/texlive/2024/texmf-dist/tex/latex/base/fontenc.sty
Package: fontenc 2021/04/29 v2.0v Standard LaTeX package
) (/usr/local/texlive/2024/texmf-dist/tex/latex/lm/lmodern.sty
Package: lmodern 2015/05/01 v1.6.1 Latin Modern Fonts
LaTeX Font Info:    Overwriting symbol font `operators' in version `normal'
(Font)                  OT1/cmr/m/n --> OT1/lmr/m/n on input line 22.
LaTeX Font Info:    Overwriting symbol font `letters' in version `normal'
(Font)                  OML/cmm/m/it --> OML/lmm/m/it on input line 23.
LaTeX Font Info:    Overwriting symbol font `symbols' in version `normal'
(Font)                  OMS/cmsy/m/n --> OMS/lmsy/m/n on input line 24.
LaTeX Font Info:    Overwriting symbol font `largesymbols' in version `normal'
(Font)                  OMX/cmex/m/n --> OMX/lmex/m/n on input line 25.
LaTeX Font Info:    Overwriting symbol font `operators' in version `bold'
(Font)                  OT1/cmr/bx/n --> OT1/lmr/bx/n on input line 26.
LaTeX Font Info:    Overwriting symbol font `letters' in version `bold'
(Font)                  OML/cmm/b/it --> OML/lmm/b/it on input line 27.
LaTeX Font Info:    Overwriting symbol font `symbols' in version `bold'
(Font)                  OMS/cmsy/b/n --> OMS/lmsy/b/n on input line 28.
LaTeX Font Info:    Overwriting symbol font `largesymbols' in version `bold'
(Font)                  OMX/cmex/m/n --> OMX/lmex/m/n on input line 29.
LaTeX Font Info:    Overwriting math alphabet `\mathbf' in version `normal'
(Font)                  OT1/cmr/bx/n --> OT1/lmr/bx/n on input line 31.
LaTeX Font Info:    Overwriting math alphabet `\mathsf' in version `normal'
(Font)                  OT1/cmss/m/n --> OT1/lmss/m/n on input line 32.
LaTeX Font Info:    Overwriting math alphabet `\mathit' in version `normal'
(Font)                  OT1/cmr/m/it --> OT1/lmr/m/it on input line 33.
LaTeX Font Info:    Overwriting math alphabet `\mathtt' in version `normal'
(Font)                  OT1/cmtt/m/n --> OT1/lmtt/m/n on input line 34.
LaTeX Font Info:    Overwriting math alphabet `\mathbf' in version `bold'
(Font)                  OT1/cmr/bx/n --> OT1/lmr/bx/n on input line 35.
LaTeX Font Info:    Overwriting math alphabet `\mathsf' in version `bold'
(Font)                  OT1/cmss/bx/n --> OT1/lmss/bx/n on input line 36.
LaTeX Font Info:    Overwriting math alphabet `\mathit' in version `bold'
(Font)                  OT1/cmr/bx/it --> OT1/lmr/bx/it on input line 37.
LaTeX Font Info:    Overwriting math alphabet `\mathtt' in version `bold'
(Font)                  OT1/cmtt/m/n --> OT1/lmtt/m/n on input line 38.
) (/usr/local/texlive/2024/texmf-dist/tex/latex/amsfonts/amssymb.sty
Package: amssymb 2013/01/14 v3.01 AMS font symbols
(/usr/local/texlive/2024/texmf-dist/tex/latex/amsfonts/amsfonts.sty
Package: amsfonts 2013/01/14 v3.01 Basic AMSFonts support
\@emptytoks=\toks21
\symAMSa=\mathgroup4
\symAMSb=\mathgroup5
LaTeX Font Info:    Redeclaring math symbol \hbar on input line 98.
LaTeX Font Info:    Overwriting math alphabet `\mathfrak' in version `bold'
(Font)                  U/euf/m/n --> U/euf/b/n on input line 106.
)) (/usr/local/texlive/2024/texmf-dist/tex/latex/amsmath/amsmath.sty
Package: amsmath 2023/05/13 v2.17o AMS math features
\@mathmargin=\skip54
For additional information on amsmath, use the `?' option.
(/usr/local/texlive/2024/texmf-dist/tex/latex/amsmath/amstext.sty
Package: amstext 2021/08/26 v2.01 AMS text
(/usr/local/texlive/2024/texmf-dist/tex/latex/amsmath/amsgen.sty
File: amsgen.sty 1999/11/30 v2.0 generic functions
\@emptytoks=\toks22
\ex@=\dimen156
)) (/usr/local/texlive/2024/texmf-dist/tex/latex/amsmath/amsbsy.sty
Package: amsbsy 1999/11/29 v1.2d Bold Symbols
\pmbraise@=\dimen157
) (/usr/local/texlive/2024/texmf-dist/tex/latex/amsmath/amsopn.sty
Package: amsopn 2022/04/08 v2.04 operator names
)
\inf@bad=\count275
LaTeX Info: Redefining \frac on input line 234.
\uproot@=\count276
\leftroot@=\count277
LaTeX Info: Redefining \overline on input line 399.
LaTeX Info: Redefining \colon on input line 410.
\classnum@=\count278
\DOTSCASE@=\count279
LaTeX Info: Redefining \ldots on input line 496.
LaTeX Info: Redefining \dots on input line 499.
LaTeX Info: Redefining \cdots on input line 620.
\Mathstrutbox@=\box58
\strutbox@=\box59
LaTeX Info: Redefining \big on input line 722.
LaTeX Info: Redefining \Big on input line 723.
LaTeX Info: Redefining \bigg on input line 724.
LaTeX Info: Redefining \Bigg on input line 725.
\big@size=\dimen158
LaTeX Font Info:    Redeclaring font encoding OML on input line 743.
LaTeX Font Info:    Redeclaring font encoding OMS on input line 744.
\macc@depth=\count280
LaTeX Info: Redefining \bmod on input line 905.
LaTeX Info: Redefining \pmod on input line 910.
LaTeX Info: Redefining \smash on input line 940.
LaTeX Info: Redefining \relbar on input line 970.
LaTeX Info: Redefining \Relbar on input line 971.
\c@MaxMatrixCols=\count281
\dotsspace@=\muskip17
\c@parentequation=\count282
\dspbrk@lvl=\count283
\tag@help=\toks23
\row@=\count284
\column@=\count285
\maxfields@=\count286
\andhelp@=\toks24
\eqnshift@=\dimen159
\alignsep@=\dimen160
\tagshift@=\dimen161
\tagwidth@=\dimen162
\totwidth@=\dimen163
\lineht@=\dimen164
\@envbody=\toks25
\multlinegap=\skip55
\multlinetaggap=\skip56
\mathdisplay@stack=\toks26
LaTeX Info: Redefining \[ on input line 2953.
LaTeX Info: Redefining \] on input line 2954.
) (/usr/local/texlive/2024/texmf-dist/tex/latex/lineno/lineno.sty
Package: lineno 2023/05/20 line numbers on paragraphs v5.3
(/usr/local/texlive/2024/texmf-dist/tex/latex/kvoptions/kvoptions.sty
Package: kvoptions 2022-06-15 v3.15 Key value format for package options (HO)
(/usr/local/texlive/2024/texmf-dist/tex/generic/ltxcmds/ltxcmds.sty
Package: ltxcmds 2023-12-04 v1.26 LaTeX kernel commands for general use (HO)
) (/usr/local/texlive/2024/texmf-dist/tex/latex/kvsetkeys/kvsetkeys.sty
Package: kvsetkeys 2022-10-05 v1.19 Key value parser (HO)
))
\linenopenalty=\count287
\output=\toks27
\linenoprevgraf=\count288
\linenumbersep=\dimen165
\linenumberwidth=\dimen166
\c@linenumber=\count289
\c@pagewiselinenumber=\count290
\c@LN@truepage=\count291
\c@internallinenumber=\count292
\c@internallinenumbers=\count293
\quotelinenumbersep=\dimen167
\bframerule=\dimen168
\bframesep=\dimen169
\bframebox=\box60
\linenoamsmath@ams@eqpen=\count294
LaTeX Info: Redefining \\ on input line 3180.
) (/usr/local/texlive/2024/texmf-dist/tex/generic/iftex/ifxetex.sty
Package: ifxetex 2019/10/25 v0.7 ifxetex legacy package. Use iftex instead.
) (/usr/local/texlive/2024/texmf-dist/tex/generic/iftex/ifluatex.sty
Package: ifluatex 2019/10/25 v1.5 ifluatex legacy package. Use iftex instead.
) (/usr/local/texlive/2024/texmf-dist/tex/latex/base/fixltx2e.sty
Package: fixltx2e 2016/12/29 v2.1a fixes to LaTeX (obsolete)
Applying: [2015/01/01] Old fixltx2e package on input line 46.

Package fixltx2e Warning: fixltx2e is not required with releases after 2015
(fixltx2e)                All fixes are now in the LaTeX kernel.
(fixltx2e)                See the latexrelease package for details.

Already applied: [0000/00/00] Old fixltx2e package on input line 53.
) (/usr/local/texlive/2024/texmf-dist/tex/latex/upquote/upquote.sty
Package: upquote 2012/04/19 v1.3 upright-quote and grave-accent glyphs in verba
tim
(/usr/local/texlive/2024/texmf-dist/tex/latex/base/textcomp.sty
Package: textcomp 2020/02/02 v2.0n Standard LaTeX package
)) (/usr/local/texlive/2024/texmf-dist/tex/latex/base/inputenc.sty
Package: inputenc 2021/02/14 v1.3d Input encoding file
\inpenc@prehook=\toks28
\inpenc@posthook=\toks29
) (/usr/local/texlive/2024/texmf-dist/tex/latex/microtype/microtype.sty
Package: microtype 2024/03/29 v3.1b Micro-typographical refinements (RS)
\MT@toks=\toks30
\MT@tempbox=\box61
\MT@count=\count295
LaTeX Info: Redefining \noprotrusionifhmode on input line 1061.
LaTeX Info: Redefining \leftprotrusion on input line 1062.
\MT@prot@toks=\toks31
LaTeX Info: Redefining \rightprotrusion on input line 1081.
LaTeX Info: Redefining \textls on input line 1392.
\MT@outer@kern=\dimen170
LaTeX Info: Redefining \textmicrotypecontext on input line 2013.
\MT@listname@count=\count296
(/usr/local/texlive/2024/texmf-dist/tex/latex/microtype/microtype-pdftex.def
File: microtype-pdftex.def 2024/03/29 v3.1b Definitions specific to pdftex (RS)

LaTeX Info: Redefining \lsstyle on input line 902.
LaTeX Info: Redefining \lslig on input line 902.
\MT@outer@space=\skip57
)
Package microtype Info: Loading configuration file microtype.cfg.
(/usr/local/texlive/2024/texmf-dist/tex/latex/microtype/microtype.cfg
File: microtype.cfg 2024/03/29 v3.1b microtype main configuration file (RS)
)) (/usr/local/texlive/2024/texmf-dist/tex/latex/hyperref/hyperref.sty
Package: hyperref 2024-01-20 v7.01h Hypertext links for LaTeX
(/usr/local/texlive/2024/texmf-dist/tex/generic/kvdefinekeys/kvdefinekeys.sty
Package: kvdefinekeys 2019-12-19 v1.6 Define keys (HO)
) (/usr/local/texlive/2024/texmf-dist/tex/generic/pdfescape/pdfescape.sty
Package: pdfescape 2019/12/09 v1.15 Implements pdfTeX's escape features (HO)
(/usr/local/texlive/2024/texmf-dist/tex/generic/pdftexcmds/pdftexcmds.sty
Package: pdftexcmds 2020-06-27 v0.33 Utility functions of pdfTeX for LuaTeX (HO
)
(/usr/local/texlive/2024/texmf-dist/tex/generic/infwarerr/infwarerr.sty
Package: infwarerr 2019/12/03 v1.5 Providing info/warning/error messages (HO)
)
Package pdftexcmds Info: \pdf@primitive is available.
Package pdftexcmds Info: \pdf@ifprimitive is available.
Package pdftexcmds Info: \pdfdraftmode found.
)) (/usr/local/texlive/2024/texmf-dist/tex/latex/hycolor/hycolor.sty
Package: hycolor 2020-01-27 v1.10 Color options for hyperref/bookmark (HO)
) (/usr/local/texlive/2024/texmf-dist/tex/latex/auxhook/auxhook.sty
Package: auxhook 2019-12-17 v1.6 Hooks for auxiliary files (HO)
) (/usr/local/texlive/2024/texmf-dist/tex/latex/hyperref/nameref.sty
Package: nameref 2023-11-26 v2.56 Cross-referencing by name of section
(/usr/local/texlive/2024/texmf-dist/tex/latex/refcount/refcount.sty
Package: refcount 2019/12/15 v3.6 Data extraction from label references (HO)
)
(/usr/local/texlive/2024/texmf-dist/tex/generic/gettitlestring/gettitlestring.s
ty
Package: gettitlestring 2019/12/15 v1.6 Cleanup title references (HO)
)
\c@section@level=\count297
)
\@linkdim=\dimen171
\Hy@linkcounter=\count298
\Hy@pagecounter=\count299
(/usr/local/texlive/2024/texmf-dist/tex/latex/hyperref/pd1enc.def
File: pd1enc.def 2024-01-20 v7.01h Hyperref: PDFDocEncoding definition (HO)
Now handling font encoding PD1 ...
... no UTF-8 mapping file for font encoding PD1
) (/usr/local/texlive/2024/texmf-dist/tex/generic/intcalc/intcalc.sty
Package: intcalc 2019/12/15 v1.3 Expandable calculations with integers (HO)
)
\Hy@SavedSpaceFactor=\count300
(/usr/local/texlive/2024/texmf-dist/tex/latex/hyperref/puenc.def
File: puenc.def 2024-01-20 v7.01h Hyperref: PDF Unicode definition (HO)
Now handling font encoding PU ...
... no UTF-8 mapping file for font encoding PU
)
Package hyperref Info: Option `unicode' set `true' on input line 4062.
Package hyperref Info: Hyper figures OFF on input line 4179.
Package hyperref Info: Link nesting OFF on input line 4184.
Package hyperref Info: Hyper index ON on input line 4187.
Package hyperref Info: Plain pages OFF on input line 4194.
Package hyperref Info: Backreferencing OFF on input line 4199.
Package hyperref Info: Implicit mode ON; LaTeX internals redefined.
Package hyperref Info: Bookmarks ON on input line 4446.
\c@Hy@tempcnt=\count301
LaTeX Info: Redefining \url on input line 4784.
\XeTeXLinkMargin=\dimen172
(/usr/local/texlive/2024/texmf-dist/tex/generic/bitset/bitset.sty
Package: bitset 2019/12/09 v1.3 Handle bit-vector datatype (HO)
(/usr/local/texlive/2024/texmf-dist/tex/generic/bigintcalc/bigintcalc.sty
Package: bigintcalc 2019/12/15 v1.5 Expandable calculations on big integers (HO
)
))
\Fld@menulength=\count302
\Field@Width=\dimen173
\Fld@charsize=\dimen174
Package hyperref Info: Hyper figures OFF on input line 6063.
Package hyperref Info: Link nesting OFF on input line 6068.
Package hyperref Info: Hyper index ON on input line 6071.
Package hyperref Info: backreferencing OFF on input line 6078.
Package hyperref Info: Link coloring OFF on input line 6083.
Package hyperref Info: Link coloring with OCG OFF on input line 6088.
Package hyperref Info: PDF/A mode OFF on input line 6093.
(/usr/local/texlive/2024/texmf-dist/tex/latex/base/atbegshi-ltx.sty
Package: atbegshi-ltx 2021/01/10 v1.0c Emulation of the original atbegshi
package with kernel methods
)
\Hy@abspage=\count303
\c@Item=\count304
\c@Hfootnote=\count305
)
Package hyperref Info: Driver (autodetected): hpdftex.
(/usr/local/texlive/2024/texmf-dist/tex/latex/hyperref/hpdftex.def
File: hpdftex.def 2024-01-20 v7.01h Hyperref driver for pdfTeX
(/usr/local/texlive/2024/texmf-dist/tex/latex/base/atveryend-ltx.sty
Package: atveryend-ltx 2020/08/19 v1.0a Emulation of the original atveryend pac
kage
with kernel methods
)
\Fld@listcount=\count306
\c@bookmark@seq@number=\count307

(/usr/local/texlive/2024/texmf-dist/tex/latex/rerunfilecheck/rerunfilecheck.sty
Package: rerunfilecheck 2022-07-10 v1.10 Rerun checks for auxiliary files (HO)

(/usr/local/texlive/2024/texmf-dist/tex/generic/uniquecounter/uniquecounter.sty
Package: uniquecounter 2019/12/15 v1.4 Provide unlimited unique counter (HO)
)
Package uniquecounter Info: New unique counter `rerunfilecheck' on input line 2
85.
)
\Hy@SectionHShift=\skip58
)
Package hyperref Info: Option `breaklinks' set `true' on input line 51.

Package hyperref Warning: Option `bookmarks' has already been used,
(hyperref)                setting the option has no effect on input line 51.

Package hyperref Info: Option `colorlinks' set `false' on input line 51.
(/usr/local/texlive/2024/texmf-dist/tex/latex/float/float.sty
Package: float 2001/11/08 v1.3d Float enhancements (AL)
\c@float@type=\count308
\float@exts=\toks32
\float@box=\box62
\@float@everytoks=\toks33
\@floatcapt=\box63
) (/usr/local/texlive/2024/texmf-dist/tex/latex/subfig/subfig.sty
Package: subfig 2005/06/28 ver: 1.3 subfig package
(/usr/local/texlive/2024/texmf-dist/tex/latex/caption/caption.sty
Package: caption 2023/08/05 v3.6o Customizing captions (AR)
(/usr/local/texlive/2024/texmf-dist/tex/latex/caption/caption3.sty
Package: caption3 2023/07/31 v2.4d caption3 kernel (AR)
\caption@tempdima=\dimen175
\captionmargin=\dimen176
\caption@leftmargin=\dimen177
\caption@rightmargin=\dimen178
\caption@width=\dimen179
\caption@indent=\dimen180
\caption@parindent=\dimen181
\caption@hangindent=\dimen182
Package caption Info: elsarticle document class detected.
(/usr/local/texlive/2024/texmf-dist/tex/latex/caption/caption-elsarticle.sto
File: caption-elsarticle.sto 2020/08/22 v2.0 Adaption of the caption package to
 the elsarticle document class (AR)
))
\c@caption@flags=\count309
\c@continuedfloat=\count310
Package caption Info: float package is loaded.
Package caption Info: hyperref package is loaded.
)
\c@KVtest=\count311
\sf@farskip=\skip59
\sf@captopadj=\dimen183
\sf@capskip=\skip60
\sf@nearskip=\skip61
\c@subfigure=\count312
\c@subfigure@save=\count313
\c@lofdepth=\count314
\c@subtable=\count315
\c@subtable@save=\count316
\c@lotdepth=\count317
\sf@top=\skip62
\sf@bottom=\skip63
) (/usr/local/texlive/2024/texmf-dist/tex/latex/booktabs/booktabs.sty
Package: booktabs 2020/01/12 v1.61803398 Publication quality tables
\heavyrulewidth=\dimen184
\lightrulewidth=\dimen185
\cmidrulewidth=\dimen186
\belowrulesep=\dimen187
\belowbottomsep=\dimen188
\aboverulesep=\dimen189
\abovetopsep=\dimen190
\cmidrulesep=\dimen191
\cmidrulekern=\dimen192
\defaultaddspace=\dimen193
\@cmidla=\count318
\@cmidlb=\count319
\@aboverulesep=\dimen194
\@belowrulesep=\dimen195
\@thisruleclass=\count320
\@lastruleclass=\count321
\@thisrulewidth=\dimen196
) (/usr/local/texlive/2024/texmf-dist/tex/latex/appendix/appendix.sty
Package: appendix 2020/02/08 v1.2c extra appendix facilities
\c@@pps=\count322
\c@@ppsavesec=\count323
\c@@ppsaveapp=\count324
)
Package hyperref Info: Option `colorlinks' set `true' on input line 71.

(/usr/local/texlive/2024/texmf-dist/tex/latex/threeparttable/threeparttable.sty
Package: threeparttable 2003/06/13  v 3.0
\@tempboxb=\box64
) (/usr/local/texlive/2024/texmf-dist/tex/latex/glossaries/base/glossaries.sty
Package: glossaries 2024/04/03 v4.54 (NLCT)
(/usr/local/texlive/2024/texmf-dist/tex/latex/base/ifthen.sty
Package: ifthen 2022/04/13 v1.1d Standard LaTeX ifthen package (DPC)
) (/usr/local/texlive/2024/texmf-dist/tex/latex/xkeyval/xkeyval.sty
Package: xkeyval 2022/06/16 v2.9 package option processing (HA)
(/usr/local/texlive/2024/texmf-dist/tex/generic/xkeyval/xkeyval.tex (/usr/local
/texlive/2024/texmf-dist/tex/generic/xkeyval/xkvutils.tex
\XKV@toks=\toks34
\XKV@tempa@toks=\toks35
)
\XKV@depth=\count325
File: xkeyval.tex 2014/12/03 v2.7a key=value parser (HA)
)) (/usr/local/texlive/2024/texmf-dist/tex/latex/mfirstuc/mfirstuc.sty
Package: mfirstuc 2022/10/14 v2.08 (NLCT)
\@glsmfirst=\toks36
\@glsmrest=\toks37
) (/usr/local/texlive/2024/texmf-dist/tex/latex/xfor/xfor.sty
Package: xfor 2009/02/05 v1.05 (NLCT)
) (/usr/local/texlive/2024/texmf-dist/tex/latex/datatool/datatool-base.sty
Package: datatool-base 2019/09/27 v2.32 (NLCT)
(/usr/local/texlive/2024/texmf-dist/tex/latex/substr/substr.sty
Package: substr 2009/10/20 v1.2 Handle substrings
\c@su@anzahl=\count326
) (/usr/local/texlive/2024/texmf-dist/tex/latex/datatool/datatool-fp.sty
Package: datatool-fp 2019/09/27 v2.32 (NLCT)
(/usr/local/texlive/2024/texmf-dist/tex/latex/fp/fp.sty
Package: fp 1995/04/02
`Fixed Point Package', Version 0.8, April 2, 1995 (C) Michael Mehlich (/usr/loc
al/texlive/2024/texmf-dist/tex/latex/fp/defpattern.sty
Package: defpattern 1994/10/12
\actioncount=\count327
) (/usr/local/texlive/2024/texmf-dist/tex/latex/fp/fp-basic.sty
Package: fp-basic 1996/05/13
\FP@xs=\count328
\FP@xia=\count329
\FP@xib=\count330
\FP@xfa=\count331
\FP@xfb=\count332
\FP@rega=\count333
\FP@regb=\count334
\FP@regs=\count335
\FP@times=\count336
) (/usr/local/texlive/2024/texmf-dist/tex/latex/fp/fp-addons.sty
Package: fp-addons 1995/03/15
) (/usr/local/texlive/2024/texmf-dist/tex/latex/fp/fp-snap.sty
Package: fp-snap 1995/04/05
) (/usr/local/texlive/2024/texmf-dist/tex/latex/fp/fp-exp.sty
Package: fp-exp 1995/04/03
) (/usr/local/texlive/2024/texmf-dist/tex/latex/fp/fp-trigo.sty
Package: fp-trigo 1995/04/14
) (/usr/local/texlive/2024/texmf-dist/tex/latex/fp/fp-pas.sty
Package: fp-pas 1994/08/29
) (/usr/local/texlive/2024/texmf-dist/tex/latex/fp/fp-random.sty
Package: fp-random 1995/02/23
\FPseed=\count337
) (/usr/local/texlive/2024/texmf-dist/tex/latex/fp/fp-eqn.sty
Package: fp-eqn 1995/04/03
) (/usr/local/texlive/2024/texmf-dist/tex/latex/fp/fp-upn.sty
Package: fp-upn 1996/10/21
) (/usr/local/texlive/2024/texmf-dist/tex/latex/fp/fp-eval.sty
Package: fp-eval 1995/04/03
)))
\@dtl@toks=\toks38
\@dtl@tmpcount=\count338
\dtl@tmplength=\skip64
\dtl@sortresult=\count339
\@dtl@numgrpsepcount=\count340
\@dtl@datatype=\count341
\dtl@codeA=\count342
\dtl@codeB=\count343
\@dtl@foreach@level=\count344
)
\gls@level=\count345
\@gls@tmpb=\toks39
\gls@tmplen=\skip65
\glskeylisttok=\toks40
\glslabeltok=\toks41
\glsshorttok=\toks42
\glslongtok=\toks43

(/usr/local/texlive/2024/texmf-dist/tex/latex/glossaries/styles/glossary-hypern
av.sty
Package: glossary-hypernav 2024/04/03 v4.54 (NLCT)
)
(/usr/local/texlive/2024/texmf-dist/tex/latex/glossaries/styles/glossary-list.s
ty
Package: glossary-list 2024/04/03 v4.54 (NLCT)
\glslistdottedwidth=\skip66
)
(/usr/local/texlive/2024/texmf-dist/tex/latex/glossaries/styles/glossary-long.s
ty
Package: glossary-long 2024/04/03 v4.54 (NLCT)
(/usr/local/texlive/2024/texmf-dist/tex/latex/tools/longtable.sty
Package: longtable 2023-11-01 v4.19 Multi-page Table package (DPC)
\LTleft=\skip67
\LTright=\skip68
\LTpre=\skip69
\LTpost=\skip70
\LTchunksize=\count346
\LTcapwidth=\dimen197
\LT@head=\box65
\LT@firsthead=\box66
\LT@foot=\box67
\LT@lastfoot=\box68
\LT@gbox=\box69
\LT@cols=\count347
\LT@rows=\count348
\c@LT@tables=\count349
\c@LT@chunks=\count350
\LT@p@ftn=\toks44
)
\glsdescwidth=\skip71
\glspagelistwidth=\skip72
)
(/usr/local/texlive/2024/texmf-dist/tex/latex/glossaries/styles/glossary-super.
sty
Package: glossary-super 2024/04/03 v4.54 (NLCT)
(/usr/local/texlive/2024/texmf-dist/tex/latex/supertabular/supertabular.sty
Package: supertabular 2020/02/02 v4.1g the supertabular environment
\c@tracingst=\count351
\ST@wd=\dimen198
\ST@rightskip=\skip73
\ST@leftskip=\skip74
\ST@parfillskip=\skip75
\ST@pageleft=\dimen199
\ST@headht=\dimen256
\ST@tailht=\dimen257
\ST@pagesofar=\dimen258
\ST@pboxht=\dimen259
\ST@lineht=\dimen260
\ST@prevht=\dimen261
\ST@toadd=\dimen262
\ST@dimen=\dimen263
\ST@pbox=\box70
))
(/usr/local/texlive/2024/texmf-dist/tex/latex/glossaries/styles/glossary-tree.s
ty
Package: glossary-tree 2024/04/03 v4.54 (NLCT)
\glstreeindent=\skip76
))
\glswrite=\write4
\glo@main@file=\write5
\openout5 = `ICIO_PAPER.glo'.

Package glossaries Info: Writing glossary file ICIO_PAPER.glo on input line 138
.
(/usr/local/texlive/2024/texmf-dist/tex/latex/graphics/color.sty
Package: color 2022/01/06 v1.3d Standard LaTeX Color (DPC)
(/usr/local/texlive/2024/texmf-dist/tex/latex/graphics-cfg/color.cfg
File: color.cfg 2016/01/02 v1.6 sample color configuration
)
Package color Info: Driver file: pdftex.def on input line 149.
(/usr/local/texlive/2024/texmf-dist/tex/latex/graphics/mathcolor.ltx)) (/usr/lo
cal/texlive/2024/texmf-dist/tex/latex/xcolor/xcolor.sty
Package: xcolor 2023/11/15 v3.01 LaTeX color extensions (UK)
(/usr/local/texlive/2024/texmf-dist/tex/latex/graphics-cfg/color.cfg
File: color.cfg 2016/01/02 v1.6 sample color configuration
)
Package xcolor Info: Driver file: pdftex.def on input line 274.
LaTeX Info: Redefining \color on input line 758.
(/usr/local/texlive/2024/texmf-dist/tex/latex/graphics/mathcolor.ltx)
Package xcolor Info: Model `cmy' substituted by `cmy0' on input line 1350.
Package xcolor Info: Model `hsb' substituted by `rgb' on input line 1354.
Package xcolor Info: Model `RGB' extended on input line 1366.
Package xcolor Info: Model `HTML' substituted by `rgb' on input line 1368.
Package xcolor Info: Model `Hsb' substituted by `hsb' on input line 1369.
Package xcolor Info: Model `tHsb' substituted by `hsb' on input line 1370.
Package xcolor Info: Model `HSB' substituted by `hsb' on input line 1371.
Package xcolor Info: Model `Gray' substituted by `gray' on input line 1372.
Package xcolor Info: Model `wave' substituted by `hsb' on input line 1373.
) (/usr/local/texlive/2024/texmf-dist/tex/latex/colortbl/colortbl.sty
Package: colortbl 2024/02/20 v1.0g Color table columns (DPC)
(/usr/local/texlive/2024/texmf-dist/tex/latex/tools/array.sty
Package: array 2023/10/16 v2.5g Tabular extension package (FMi)
\col@sep=\dimen264
\ar@mcellbox=\box71
\extrarowheight=\dimen265
\NC@list=\toks45
\extratabsurround=\skip77
\backup@length=\skip78
\ar@cellbox=\box72
)
\everycr=\toks46
\minrowclearance=\skip79
\rownum=\count352
) (/usr/local/texlive/2024/texmf-dist/tex/latex/multirow/multirow.sty
Package: multirow 2021/03/15 v2.8 Span multiple rows of a table
\multirow@colwidth=\skip80
\multirow@cntb=\count353
\multirow@dima=\skip81
\bigstrutjot=\dimen266
) (/usr/local/texlive/2024/texmf-dist/tex/latex/wrapfig/wrapfig.sty
\wrapoverhang=\dimen267
\WF@size=\dimen268
\c@WF@wrappedlines=\count354
\WF@box=\box73
\WF@everypar=\toks47
Package: wrapfig 2003/01/31  v 3.6
) (/usr/local/texlive/2024/texmf-dist/tex/latex/pdflscape/pdflscape.sty
Package: pdflscape 2022-10-27 v0.13 Display of landscape pages in PDF

(/usr/local/texlive/2024/texmf-dist/tex/latex/pdflscape/pdflscape-nometadata.st
y
Package: pdflscape-nometadata 2022-10-28 v0.13 Display of landscape pages in PD
F (HO)
(/usr/local/texlive/2024/texmf-dist/tex/latex/graphics/lscape.sty
Package: lscape 2020/05/28 v3.02 Landscape Pages (DPC)
)
Package pdflscape Info: Auto-detected driver: pdftex on input line 81.
)) (/usr/local/texlive/2024/texmf-dist/tex/latex/tabu/tabu.sty
Package: tabu 2019/01/11 v2.9 - flexible LaTeX tabulars (FC+tabu-fixed)
(/usr/local/texlive/2024/texmf-dist/tex/latex/varwidth/varwidth.sty
Package: varwidth 2009/03/30 ver 0.92;  Variable-width minipages
\@vwid@box=\box74
\sift@deathcycles=\count355
\@vwid@loff=\dimen269
\@vwid@roff=\dimen270
)
\c@taburow=\count356
\tabu@nbcols=\count357
\tabu@cnt=\count358
\tabu@Xcol=\count359
\tabu@alloc=\count360
\tabu@nested=\count361
\tabu@target=\dimen271
\tabu@spreadtarget=\dimen272
\tabu@naturalX=\dimen273
\tabucolX=\dimen274
\tabu@Xsum=\dimen275
\extrarowdepth=\dimen276
\abovetabulinesep=\dimen277
\belowtabulinesep=\dimen278
\tabustrutrule=\dimen279
\tabu@thebody=\toks48
\tabu@footnotes=\toks49
\tabu@box=\box75
\tabu@arstrutbox=\box76
\tabu@hleads=\box77
\tabu@vleads=\box78
\tabu@cellskip=\skip82
)
(/usr/local/texlive/2024/texmf-dist/tex/latex/threeparttablex/threeparttablex.s
ty
Package: threeparttablex 2013/07/23 v0.3 by daleif
(/usr/local/texlive/2024/texmf-dist/tex/latex/environ/environ.sty
Package: environ 2014/05/04 v0.3 A new way to define environments
(/usr/local/texlive/2024/texmf-dist/tex/latex/trimspaces/trimspaces.sty
Package: trimspaces 2009/09/17 v1.1 Trim spaces around a token list
))
\TPTL@width=\skip83
) (/usr/local/texlive/2024/texmf-dist/tex/generic/ulem/ulem.sty
\UL@box=\box79
\UL@hyphenbox=\box80
\UL@skip=\skip84
\UL@hook=\toks50
\UL@height=\dimen280
\UL@pe=\count362
\UL@pixel=\dimen281
\ULC@box=\box81
Package: ulem 2019/11/18
\ULdepth=\dimen282
) (/usr/local/texlive/2024/texmf-dist/tex/latex/makecell/makecell.sty
Package: makecell 2009/08/03 V0.1e Managing of Tab Column Heads and Cells
\rotheadsize=\dimen283
\c@nlinenum=\count363
\TeXr@lab=\toks51
)
LaTeX Font Info:    Trying to load font information for T1+lmr on input line 16
1.
(/usr/local/texlive/2024/texmf-dist/tex/latex/lm/t1lmr.fd
File: t1lmr.fd 2015/05/01 v1.6.1 Font defs for Latin Modern
) (./ICIO_PAPER.aux)
\openout1 = `ICIO_PAPER.aux'.

LaTeX Font Info:    Checking defaults for OML/cmm/m/it on input line 161.
LaTeX Font Info:    ... okay on input line 161.
LaTeX Font Info:    Checking defaults for OMS/cmsy/m/n on input line 161.
LaTeX Font Info:    ... okay on input line 161.
LaTeX Font Info:    Checking defaults for OT1/cmr/m/n on input line 161.
LaTeX Font Info:    ... okay on input line 161.
LaTeX Font Info:    Checking defaults for T1/cmr/m/n on input line 161.
LaTeX Font Info:    ... okay on input line 161.
LaTeX Font Info:    Checking defaults for TS1/cmr/m/n on input line 161.
LaTeX Font Info:    ... okay on input line 161.
LaTeX Font Info:    Checking defaults for OMX/cmex/m/n on input line 161.
LaTeX Font Info:    ... okay on input line 161.
LaTeX Font Info:    Checking defaults for U/cmr/m/n on input line 161.
LaTeX Font Info:    ... okay on input line 161.
LaTeX Font Info:    Checking defaults for PD1/pdf/m/n on input line 161.
LaTeX Font Info:    ... okay on input line 161.
LaTeX Font Info:    Checking defaults for PU/pdf/m/n on input line 161.
LaTeX Font Info:    ... okay on input line 161.
(/usr/local/texlive/2024/texmf-dist/tex/context/base/mkii/supp-pdf.mkii
[Loading MPS to PDF converter (version 2006.09.02).]
\scratchcounter=\count364
\scratchdimen=\dimen284
\scratchbox=\box82
\nofMPsegments=\count365
\nofMParguments=\count366
\everyMPshowfont=\toks52
\MPscratchCnt=\count367
\MPscratchDim=\dimen285
\MPnumerator=\count368
\makeMPintoPDFobject=\count369
\everyMPtoPDFconversion=\toks53
) (/usr/local/texlive/2024/texmf-dist/tex/latex/epstopdf-pkg/epstopdf-base.sty
Package: epstopdf-base 2020-01-24 v2.11 Base part for package epstopdf
Package epstopdf-base Info: Redefining graphics rule for `.eps' on input line 4
85.
(/usr/local/texlive/2024/texmf-dist/tex/latex/latexconfig/epstopdf-sys.cfg
File: epstopdf-sys.cfg 2010/07/13 v1.3 Configuration of (r)epstopdf for TeX Liv
e
))
*geometry* driver: auto-detecting
*geometry* detected driver: pdftex
*geometry* verbose mode - [ preamble ] result:
* driver: pdftex
* paper: custom
* layout: <same size as paper>
* layoutoffset:(h,v)=(0.0pt,0.0pt)
* hratio: 1:1
* vratio: 1:1
* modes: 
* h-part:(L,W,R)=(64.75394pt, 468.0pt, 64.75394pt)
* v-part:(T,H,B)=(111.52342pt, 622.0pt, 111.52342pt)
* \paperwidth=597.50787pt
* \paperheight=845.04684pt
* \textwidth=468.0pt
* \textheight=622.0pt
* \oddsidemargin=-7.51605pt
* \evensidemargin=-7.51605pt
* \topmargin=-22.74657pt
* \headheight=50.0pt
* \headsep=12.0pt
* \topskip=10.0pt
* \footskip=18.0pt
* \marginparwidth=65.0pt
* \marginparsep=11.0pt
* \columnsep=24.0pt
* \skip\footins=24.0pt plus 2.0pt minus 12.0pt
* \hoffset=0.0pt
* \voffset=0.0pt
* \mag=1000
* \@twocolumnfalse
* \@twosidefalse
* \@mparswitchfalse
* \@reversemarginfalse
* (1in=72.27pt=25.4mm, 1cm=28.453pt)

LaTeX Info: Redefining \microtypecontext on input line 161.
Package microtype Info: Applying patch `item' on input line 161.
Package microtype Info: Applying patch `toc' on input line 161.
Package microtype Info: Applying patch `eqnum' on input line 161.
Package microtype Info: Applying patch `footnote' on input line 161.
Package microtype Info: Applying patch `verbatim' on input line 161.
Package microtype Info: Generating PDF output.
Package microtype Info: Character protrusion enabled (level 2).
Package microtype Info: Using default protrusion set `alltext'.
Package microtype Info: Automatic font expansion enabled (level 2),
(microtype)             stretch: 20, shrink: 20, step: 1, non-selected.
Package microtype Info: Using default expansion set `alltext-nott'.
LaTeX Info: Redefining \showhyphens on input line 161.
Package microtype Info: No adjustment of tracking.
Package microtype Info: No adjustment of interword spacing.
Package microtype Info: No adjustment of character kerning.
(/usr/local/texlive/2024/texmf-dist/tex/latex/microtype/mt-cmr.cfg
File: mt-cmr.cfg 2013/05/19 v2.2 microtype config. file: Computer Modern Roman 
(RS)
)
Package hyperref Info: Link coloring ON on input line 161.
(./ICIO_PAPER.out) (./ICIO_PAPER.out)
\@outlinefile=\write6
\openout6 = `ICIO_PAPER.out'.

Package caption Info: Begin \AtBeginDocument code.
Package caption Info: subfig package v1.3 is loaded.
Package caption Info: longtable package is loaded.
(/usr/local/texlive/2024/texmf-dist/tex/latex/caption/ltcaption.sty
Package: ltcaption 2021/01/08 v1.4c longtable captions (AR)
)
Package caption Info: supertabular package is loaded.
Package caption Info: threeparttable package is loaded.
Package caption Info: wrapfig package is loaded.
Package caption Info: End \AtBeginDocument code.
LaTeX Font Info:    Trying to load font information for OT1+lmr on input line 2
14.
(/usr/local/texlive/2024/texmf-dist/tex/latex/lm/ot1lmr.fd
File: ot1lmr.fd 2015/05/01 v1.6.1 Font defs for Latin Modern
)
LaTeX Font Info:    Trying to load font information for OML+lmm on input line 2
14.
(/usr/local/texlive/2024/texmf-dist/tex/latex/lm/omllmm.fd
File: omllmm.fd 2015/05/01 v1.6.1 Font defs for Latin Modern
)
LaTeX Font Info:    Trying to load font information for OMS+lmsy on input line 
214.
(/usr/local/texlive/2024/texmf-dist/tex/latex/lm/omslmsy.fd
File: omslmsy.fd 2015/05/01 v1.6.1 Font defs for Latin Modern
)
LaTeX Font Info:    Trying to load font information for OMX+lmex on input line 
214.
(/usr/local/texlive/2024/texmf-dist/tex/latex/lm/omxlmex.fd
File: omxlmex.fd 2015/05/01 v1.6.1 Font defs for Latin Modern
)
LaTeX Font Info:    External font `lmex10' loaded for size
(Font)              <10> on input line 214.
LaTeX Font Info:    External font `lmex10' loaded for size
(Font)              <7> on input line 214.
LaTeX Font Info:    External font `lmex10' loaded for size
(Font)              <5> on input line 214.
LaTeX Font Info:    Trying to load font information for U+msa on input line 214
.
(/usr/local/texlive/2024/texmf-dist/tex/latex/amsfonts/umsa.fd
File: umsa.fd 2013/01/14 v3.01 AMS symbols A
) (/usr/local/texlive/2024/texmf-dist/tex/latex/microtype/mt-msa.cfg
File: mt-msa.cfg 2006/02/04 v1.1 microtype config. file: AMS symbols (a) (RS)
)
LaTeX Font Info:    Trying to load font information for U+msb on input line 214
.
(/usr/local/texlive/2024/texmf-dist/tex/latex/amsfonts/umsb.fd
File: umsb.fd 2013/01/14 v3.01 AMS symbols B
) (/usr/local/texlive/2024/texmf-dist/tex/latex/microtype/mt-msb.cfg
File: mt-msb.cfg 2005/06/01 v1.0 microtype config. file: AMS symbols (b) (RS)
)
LaTeX Font Info:    External font `lmex10' loaded for size
(Font)              <8> on input line 214.
LaTeX Font Info:    External font `lmex10' loaded for size
(Font)              <6> on input line 214.
LaTeX Font Info:    Trying to load font information for T1+lmtt on input line 2
14.
(/usr/local/texlive/2024/texmf-dist/tex/latex/lm/t1lmtt.fd
File: t1lmtt.fd 2015/05/01 v1.6.1 Font defs for Latin Modern
)
Package microtype Info: Loading generic protrusion settings for font family
(microtype)             `lmtt' (encoding: T1).
(microtype)             For optimal results, create family-specific settings.
(microtype)             See the microtype manual for details.

Overfull \hbox (2.22221pt too wide) has occurred while \output is active
[] 
 []

[1

\openout4 = `ICIO_PAPER.ist'.

{/usr/local/texlive/2024/texmf-var/fonts/map/pdftex/updmap/pdftex.map}{/usr/loc
al/texlive/2024/texmf-dist/fonts/enc/dvips/lm/lm-ec.enc}{/usr/local/texlive/202
4/texmf-dist/fonts/enc/dvips/lm/lm-mathsy.enc}] [2] [3]

pdfTeX warning: pdflatex (file ./methods.pdf): PDF inclusion: found PDF version
 <1.7>, but at most version <1.5> allowed
<methods.pdf, id=369, 832.67085pt x 428.5611pt>
File: methods.pdf Graphic file (type pdf)
<use methods.pdf>
Package pdftex.def Info: methods.pdf  used on input line 482.
(pdftex.def)             Requested size: 468.0pt x 240.86884pt.
[4{/usr/local/texlive/2024/texmf-dist/fonts/enc/dvips/lm/lm-rm.enc}]
LaTeX Font Info:    Trying to load font information for TS1+lmr on input line 5
34.
(/usr/local/texlive/2024/texmf-dist/tex/latex/lm/ts1lmr.fd
File: ts1lmr.fd 2015/05/01 v1.6.1 Font defs for Latin Modern
) [5 <./methods.pdf>] [6{/usr/local/texlive/2024/texmf-dist/fonts/enc/dvips/lm/
lm-ts1.enc}{/usr/local/texlive/2024/texmf-dist/fonts/enc/dvips/lm/lm-mathit.enc
}]
Underfull \hbox (badness 10000) in paragraph at lines 694--694
[]|\T1/lmr/bx/n/10 (+20) Market Ac-
 []


Underfull \hbox (badness 10000) in paragraph at lines 694--694
\T1/lmr/bx/n/10 (+20) cess and
 []


Underfull \hbox (badness 10000) in paragraph at lines 694--694
[]|\T1/lmr/bx/n/10 (+20) Economic
 []


Underfull \hbox (badness 10000) in paragraph at lines 694--694
\T1/lmr/bx/n/10 (+20) Scale and
 []


Underfull \hbox (badness 10000) in paragraph at lines 694--694
[]|\T1/lmr/bx/n/10 (+20) Strategic
 []


Underfull \hbox (badness 10000) in paragraph at lines 694--694
\T1/lmr/bx/n/10 (+20) Trade Po-
 []


Underfull \hbox (badness 10000) in paragraph at lines 694--694
\T1/lmr/bx/n/10 (+20) si-tion and
 []


Underfull \hbox (badness 3128) in paragraph at lines 694--694
\T1/lmr/bx/n/10 (+20) Mar-ket Con-
 []


Underfull \hbox (badness 10000) in paragraph at lines 694--694
[]|\T1/lmr/bx/n/10 (+20) Economic
 []


Underfull \hbox (badness 10000) in paragraph at lines 694--694
\T1/lmr/bx/n/10 (+20) In-flu-ence
 []


Underfull \hbox (badness 10000) in paragraph at lines 694--694
[]|\T1/lmr/bx/n/10 (+20) Industrial
 []


Underfull \hbox (badness 10000) in paragraph at lines 694--694
\T1/lmr/bx/n/10 (+15) Spe-cial-iza-tion
 []

[7]
Underfull \hbox (badness 3568) in paragraph at lines 799--799
[]|\T1/lmr/bx/n/10 (+20) Market In-te-
 []


Underfull \hbox (badness 10000) in paragraph at lines 799--799
\T1/lmr/bx/n/10 (+20) gra-tion and
 []


Underfull \hbox (badness 3646) in paragraph at lines 799--799
[]|\T1/lmr/bx/n/10 (+20) Network Re-
 []


Underfull \hbox (badness 10000) in paragraph at lines 799--799
\T1/lmr/bx/n/10 (+20) silience and
 []


Underfull \hbox (badness 10000) in paragraph at lines 799--799
\T1/lmr/bx/n/10 (+20) tra-tion and
 []


Underfull \hbox (badness 10000) in paragraph at lines 799--799
[]|\T1/lmr/bx/n/10 (+20) Economic
 []


Overfull \hbox (12.07097pt too wide) in paragraph at lines 799--799
[]|[]| 
 []


LaTeX Warning: Float too large for page by 9.13234pt on input line 801.


Underfull \hbox (badness 10000) in paragraph at lines 819--819
[]|\T1/lmr/bx/n/10 (+20) Cross-
 []


Underfull \hbox (badness 10000) in paragraph at lines 819--819
\T1/lmr/bx/n/10 (+20) Industry
 []


Underfull \hbox (badness 10000) in paragraph at lines 819--819
\T1/lmr/bx/n/10 (+20) ture and
 []


Underfull \hbox (badness 10000) in paragraph at lines 827--827
[]|\T1/lmr/bx/n/10 (+20) Industrial
 []


Underfull \hbox (badness 10000) in paragraph at lines 827--827
\T1/lmr/bx/n/10 (+20) Di-ver-si-fi-ca-
 []


Overfull \hbox (8.81102pt too wide) in paragraph at lines 828--831
[]|[]| 
 []


Underfull \hbox (badness 10000) in paragraph at lines 835--835
[]|\T1/lmr/bx/n/10 (+20) Economic
 []


Underfull \hbox (badness 10000) in paragraph at lines 835--835
\T1/lmr/bx/n/10 (+20) Co-her-ence
 []


Overfull \hbox (12.59857pt too wide) in paragraph at lines 814--841
 [][] 
 []

[8] [9] [10]
Underfull \hbox (badness 3333) in paragraph at lines 919--919
[]|\T1/lmr/bx/n/10 (+20) Economic In-ter-pre-ta-
 []


Underfull \hbox (badness 2894) in paragraph at lines 919--919
[]|\T1/lmr/m/n/10 (+20) Predict fu-ture trade
 []


Underfull \hbox (badness 10000) in paragraph at lines 919--919
[]|\T1/lmr/m/n/10 (+20) Extrapolates his-tor-i-cal
 []


Underfull \hbox (badness 1163) in paragraph at lines 919--919
\T1/lmr/m/n/10 (+20) trends to iden-tify what
 []


Underfull \hbox (badness 1968) in paragraph at lines 919--919
\T1/lmr/m/n/10 (+20) trade wars, geopo-lit-i-cal
 []


Underfull \hbox (badness 5274) in paragraph at lines 919--919
\T1/lmr/m/n/10 (+20) ter-fac-tual sce-nar-ios for
 []


Underfull \hbox (badness 1005) in paragraph at lines 919--919
[]|\T1/lmr/m/n/10 (+20) Enables pol-i-cy-mak-ers
 []


Underfull \hbox (badness 10000) in paragraph at lines 919--919
[]|\T1/lmr/m/n/10 (+20) Cannot in-
 []


Underfull \hbox (badness 10000) in paragraph at lines 919--919
\T1/lmr/m/n/10 (+20) cor-po-rate
 []


Underfull \hbox (badness 10000) in paragraph at lines 919--919
\T1/lmr/m/n/10 (+20) struc-tural
 []


Underfull \hbox (badness 10000) in paragraph at lines 919--919
\T1/lmr/m/n/10 (+20) prece-dented
 []


Underfull \hbox (badness 10000) in paragraph at lines 919--919
[]|\T1/lmr/bx/n/10 (+20) Granger
 []


Underfull \hbox (badness 10000) in paragraph at lines 919--919
\T1/lmr/bx/n/10 (+20) Causal-ity
 []


Underfull \hbox (badness 10000) in paragraph at lines 919--919
\T1/lmr/bx/n/10 (+20) val-i-dated by
 []


Underfull \hbox (badness 7291) in paragraph at lines 919--919
\T1/lmr/bx/n/10 (+20) Bayesian ap-
 []


Underfull \hbox (badness 10000) in paragraph at lines 919--919
[]|\T1/lmr/m/n/10 (+20) Identify tem-po-ral
 []


Underfull \hbox (badness 10000) in paragraph at lines 919--919
\T1/lmr/m/n/10 (+20) prece-dence re-la-tion-
 []


Underfull \hbox (badness 10000) in paragraph at lines 919--919
[]|\T1/lmr/m/n/10 (+20) Reveals which coun-
 []


Underfull \hbox (badness 10000) in paragraph at lines 919--919
\T1/lmr/m/n/10 (+20) tries/industries act as
 []


Underfull \hbox (badness 1983) in paragraph at lines 919--919
\T1/lmr/m/n/10 (+20) trade changes. Shows
 []


Underfull \hbox (badness 10000) in paragraph at lines 919--919
\T1/lmr/m/n/10 (+20) cas-cade mech-a-nisms
 []


Underfull \hbox (badness 1436) in paragraph at lines 919--919
\T1/lmr/m/n/10 (+20) ing sys-tems. Helps
 []


Underfull \hbox (badness 3312) in paragraph at lines 919--919
\T1/lmr/m/n/10 (+20) iden-tify which coun-
 []


Underfull \hbox (badness 1577) in paragraph at lines 919--919
\T1/lmr/m/n/10 (+20) ear re-la-tion-
 []


Underfull \hbox (badness 1194) in paragraph at lines 919--919
\T1/lmr/m/n/10 (+20) ships; sen-si-
 []


Underfull \hbox (badness 3758) in paragraph at lines 919--919
\T1/lmr/m/n/10 (+20) pat-terns dur-ing eco-
 []


Underfull \hbox (badness 1226) in paragraph at lines 919--919
\T1/lmr/m/n/10 (+20) nomic events. Re-veals
 []


Underfull \hbox (badness 4454) in paragraph at lines 919--919
[]|\T1/lmr/m/n/10 (+20) Essential for co-or-di-
 []


Underfull \hbox (badness 2326) in paragraph at lines 919--919
\T1/lmr/m/n/10 (+20) port or face sim-i-lar
 []


Underfull \hbox (badness 10000) in paragraph at lines 919--919
[]|\T1/lmr/m/n/10 (+20) Cannot
 []


Underfull \hbox (badness 10000) in paragraph at lines 919--919
\T1/lmr/m/n/10 (+20) es-tab-lish
 []


Underfull \hbox (badness 10000) in paragraph at lines 919--919
\T1/lmr/m/n/10 (+20) tem-po-ral
 []


Underfull \hbox (badness 5203) in paragraph at lines 919--919
\T1/lmr/m/n/10 (+20) di-rec-tion of
 []


Underfull \hbox (badness 10000) in paragraph at lines 919--919
\T1/lmr/m/n/10 (+20) in-flu-ence;
 []


Underfull \hbox (badness 10000) in paragraph at lines 919--919
\T1/lmr/m/n/10 (+20) spu-ri-ous
 []


Underfull \hbox (badness 10000) in paragraph at lines 983--983
[]|\T1/lmr/bx/n/10 (+20) Economic In-ter-pre-ta-
 []


Underfull \hbox (badness 10000) in paragraph at lines 983--983
[]|\T1/lmr/bx/n/10 (+20) What It Can-not
 []


Underfull \hbox (badness 10000) in paragraph at lines 983--983
[]|\T1/lmr/bx/n/10 (+20) Modularity-
 []


Underfull \hbox (badness 1796) in paragraph at lines 983--983
\T1/lmr/bx/n/10 (+20) based Com-mu-
 []


Underfull \hbox (badness 1184) in paragraph at lines 983--983
[]|\T1/lmr/m/n/10 (+20) Cannot iden-tify tem-
 []


Underfull \hbox (badness 10000) in paragraph at lines 983--983
\T1/lmr/m/n/10 (+20) po-ral dy-nam-ics or
 []


Underfull \hbox (badness 10000) in paragraph at lines 983--983
\T1/lmr/m/n/10 (+20) causal mech-a-nisms
 []


Underfull \hbox (badness 10000) in paragraph at lines 983--983
\T1/lmr/m/n/10 (+20) within com-mu-ni-ties.
 []


Underfull \hbox (badness 1354) in paragraph at lines 983--983
\T1/lmr/m/n/10 (+20) Static view of trade
 []


Underfull \hbox (badness 10000) in paragraph at lines 983--983
[]|[][][]\T1/lmr/bx/n/10 (+20) Generalized
 []


Underfull \hbox (badness 10000) in paragraph at lines 983--983
\T1/lmr/bx/n/10 (+20) Network-based
 []


Underfull \hbox (badness 10000) in paragraph at lines 983--983
\T1/lmr/bx/n/10 (+20) Di-men-sion-al-
 []


Underfull \hbox (badness 10000) in paragraph at lines 983--983
\T1/lmr/bx/n/10 (+20) ity Anal-y-sis
 []


Underfull \hbox (badness 10000) in paragraph at lines 983--983
[]|\T1/lmr/m/n/10 (+20) Automatically dis-cover
 []


Underfull \hbox (badness 10000) in paragraph at lines 983--983
\T1/lmr/m/n/10 (+20) in-dus-trial groups with
 []


Underfull \hbox (badness 7064) in paragraph at lines 983--983
\T1/lmr/m/n/10 (+20) sim-i-lar tem-po-ral trade
 []


Underfull \hbox (badness 10000) in paragraph at lines 983--983
\T1/lmr/m/n/10 (+20) pat-terns with-out pre-
 []


Underfull \hbox (badness 10000) in paragraph at lines 983--983
[]|\T1/lmr/m/n/10 (+20) Cannot re-veal why
 []


Underfull \hbox (badness 10000) in paragraph at lines 983--983
\T1/lmr/m/n/10 (+20) in-dus-tries clus-ter
 []


Underfull \hbox (badness 10000) in paragraph at lines 983--983
\T1/lmr/m/n/10 (+20) to-gether or pre-dict
 []


Underfull \hbox (badness 1527) in paragraph at lines 983--983
\T1/lmr/bx/n/10 (+20) Bi-clus-ter-ing of
 []


Underfull \hbox (badness 10000) in paragraph at lines 983--983
[]|\T1/lmr/m/n/10 (+20) Simultaneously clus-ter
 []


Underfull \hbox (badness 10000) in paragraph at lines 983--983
\T1/lmr/m/n/10 (+20) in-ter-de-pen-den-cies where
 []


Underfull \hbox (badness 10000) in paragraph at lines 983--983
\T1/lmr/m/n/10 (+20) spe-cific country-industry
 []


Underfull \hbox (badness 10000) in paragraph at lines 983--983
[]|\T1/lmr/m/n/10 (+20) Cannot de-ter-mine
 []


Underfull \hbox (badness 5417) in paragraph at lines 983--983
\T1/lmr/m/n/10 (+20) com-mu-nity struc-ture
 []

[11]
<netwp-1.pdf, id=821, 459.7175pt x 310.15875pt>
File: netwp-1.pdf Graphic file (type pdf)
<use netwp-1.pdf>
Package pdftex.def Info: netwp-1.pdf  used on input line 1024.
(pdftex.def)             Requested size: 154.44086pt x 104.19843pt.
<netwp-2.pdf, id=822, 459.7175pt x 310.15875pt>
File: netwp-2.pdf Graphic file (type pdf)
<use netwp-2.pdf>
Package pdftex.def Info: netwp-2.pdf  used on input line 1024.
(pdftex.def)             Requested size: 154.44086pt x 104.19843pt.
<netwp-3.pdf, id=823, 459.7175pt x 310.15875pt>
File: netwp-3.pdf Graphic file (type pdf)
<use netwp-3.pdf>
Package pdftex.def Info: netwp-3.pdf  used on input line 1024.
(pdftex.def)             Requested size: 154.44086pt x 104.19843pt.
<netwp-4.pdf, id=824, 459.7175pt x 310.15875pt>
File: netwp-4.pdf Graphic file (type pdf)
<use netwp-4.pdf>
Package pdftex.def Info: netwp-4.pdf  used on input line 1024.
(pdftex.def)             Requested size: 154.44086pt x 104.19843pt.
<netwp-5.pdf, id=825, 459.7175pt x 310.15875pt>
File: netwp-5.pdf Graphic file (type pdf)
<use netwp-5.pdf>
Package pdftex.def Info: netwp-5.pdf  used on input line 1024.
(pdftex.def)             Requested size: 154.44086pt x 104.19843pt.
<netwp-6.pdf, id=826, 459.7175pt x 310.15875pt>
File: netwp-6.pdf Graphic file (type pdf)
<use netwp-6.pdf>
Package pdftex.def Info: netwp-6.pdf  used on input line 1024.
(pdftex.def)             Requested size: 154.44086pt x 104.19843pt.
<netwp-7.pdf, id=827, 459.7175pt x 310.15875pt>
File: netwp-7.pdf Graphic file (type pdf)
<use netwp-7.pdf>
Package pdftex.def Info: netwp-7.pdf  used on input line 1024.
(pdftex.def)             Requested size: 154.44086pt x 104.19843pt.
<netwp-8.pdf, id=828, 459.7175pt x 310.15875pt>
File: netwp-8.pdf Graphic file (type pdf)
<use netwp-8.pdf>
Package pdftex.def Info: netwp-8.pdf  used on input line 1024.
(pdftex.def)             Requested size: 154.44086pt x 104.19843pt.
<netwp-9.pdf, id=829, 459.7175pt x 310.15875pt>
File: netwp-9.pdf Graphic file (type pdf)
<use netwp-9.pdf>
Package pdftex.def Info: netwp-9.pdf  used on input line 1024.
(pdftex.def)             Requested size: 154.44086pt x 104.19843pt.

Overfull \hbox (5.32256pt too wide) in paragraph at lines 1024--1025
 [][][][][][]  
 []


Overfull \hbox (5.32256pt too wide) in paragraph at lines 1024--1025
 [][][][][][]  
 []


Overfull \hbox (5.32256pt too wide) in paragraph at lines 1024--1025
 [][][][][][]  
 []

[12]
<causnetwp-1.pdf, id=855, 422.57875pt x 302.12875pt>
File: causnetwp-1.pdf Graphic file (type pdf)
<use causnetwp-1.pdf>
Package pdftex.def Info: causnetwp-1.pdf  used on input line 1059.
(pdftex.def)             Requested size: 224.638pt x 160.61153pt.
<causnetwp-2.pdf, id=856, 383.4325pt x 302.12875pt>
File: causnetwp-2.pdf Graphic file (type pdf)
<use causnetwp-2.pdf>
Package pdftex.def Info: causnetwp-2.pdf  used on input line 1059.
(pdftex.def)             Requested size: 224.638pt x 177.00967pt.
<causnetwp-3.pdf, id=857, 299.1175pt x 288.07625pt>
File: causnetwp-3.pdf Graphic file (type pdf)
<use causnetwp-3.pdf>
Package pdftex.def Info: causnetwp-3.pdf  used on input line 1059.
(pdftex.def)             Requested size: 224.638pt x 216.35115pt.
<causnetwp-4.pdf, id=858, 303.1325pt x 299.1175pt>
File: causnetwp-4.pdf Graphic file (type pdf)
<use causnetwp-4.pdf>
Package pdftex.def Info: causnetwp-4.pdf  used on input line 1059.
(pdftex.def)             Requested size: 224.638pt x 221.66753pt.
<causnetwp-5.pdf, id=859, 393.47pt x 99.37125pt>
File: causnetwp-5.pdf Graphic file (type pdf)
<use causnetwp-5.pdf>
Package pdftex.def Info: causnetwp-5.pdf  used on input line 1059.
(pdftex.def)             Requested size: 224.638pt x 56.73166pt.
[13 <./netwp-1.pdf> <./netwp-2.pdf> <./netwp-3.pdf> <./netwp-4.pdf> <./netwp-5.
pdf> <./netwp-6.pdf> <./netwp-7.pdf> <./netwp-8.pdf> <./netwp-9.pdf>] [14 <./ca
usnetwp-1.pdf> <./causnetwp-2.pdf> <./causnetwp-3.pdf> <./causnetwp-4.pdf> <./c
ausnetwp-5.pdf>]
<top10sect-1.pdf, id=1043, 459.7175pt x 292.09125pt>
File: top10sect-1.pdf Graphic file (type pdf)
<use top10sect-1.pdf>
Package pdftex.def Info: top10sect-1.pdf  used on input line 1131.
(pdftex.def)             Requested size: 154.44086pt x 98.1286pt.
<top10sect-2.pdf, id=1044, 459.7175pt x 292.09125pt>
File: top10sect-2.pdf Graphic file (type pdf)
<use top10sect-2.pdf>
Package pdftex.def Info: top10sect-2.pdf  used on input line 1131.
(pdftex.def)             Requested size: 154.44086pt x 98.1286pt.
<top10sect-3.pdf, id=1045, 459.7175pt x 315.1775pt>
File: top10sect-3.pdf Graphic file (type pdf)
<use top10sect-3.pdf>
Package pdftex.def Info: top10sect-3.pdf  used on input line 1131.
(pdftex.def)             Requested size: 154.44086pt x 105.88449pt.
<top10sect-4.pdf, id=1046, 459.7175pt x 292.09125pt>
File: top10sect-4.pdf Graphic file (type pdf)
<use top10sect-4.pdf>
Package pdftex.def Info: top10sect-4.pdf  used on input line 1131.
(pdftex.def)             Requested size: 154.44086pt x 98.1286pt.
<top10sect-5.pdf, id=1047, 459.7175pt x 292.09125pt>
File: top10sect-5.pdf Graphic file (type pdf)
<use top10sect-5.pdf>
Package pdftex.def Info: top10sect-5.pdf  used on input line 1131.
(pdftex.def)             Requested size: 154.44086pt x 98.1286pt.
<top10sect-6.pdf, id=1048, 459.7175pt x 292.09125pt>
File: top10sect-6.pdf Graphic file (type pdf)
<use top10sect-6.pdf>
Package pdftex.def Info: top10sect-6.pdf  used on input line 1131.
(pdftex.def)             Requested size: 154.44086pt x 98.1286pt.
<top10sect-7.pdf, id=1049, 459.7175pt x 294.09875pt>
File: top10sect-7.pdf Graphic file (type pdf)
<use top10sect-7.pdf>
Package pdftex.def Info: top10sect-7.pdf  used on input line 1131.
(pdftex.def)             Requested size: 154.44086pt x 98.80304pt.
<top10sect-8.pdf, id=1050, 459.7175pt x 292.09125pt>
File: top10sect-8.pdf Graphic file (type pdf)
<use top10sect-8.pdf>
Package pdftex.def Info: top10sect-8.pdf  used on input line 1131.
(pdftex.def)             Requested size: 154.44086pt x 98.1286pt.

Overfull \hbox (5.32256pt too wide) in paragraph at lines 1131--1132
 [][][][][][]  
 []


Overfull \hbox (5.32256pt too wide) in paragraph at lines 1131--1132
 [][][][][][]  
 []

[15] [16 <./top10sect-1.pdf> <./top10sect-2.pdf> <./top10sect-3.pdf> <./top10se
ct-4.pdf> <./top10sect-5.pdf> <./top10sect-6.pdf> <./top10sect-7.pdf> <./top10s
ect-8.pdf>]
<sectpnda-1.pdf, id=1142, 459.7175pt x 292.09125pt>
File: sectpnda-1.pdf Graphic file (type pdf)
<use sectpnda-1.pdf>
Package pdftex.def Info: sectpnda-1.pdf  used on input line 1179.
(pdftex.def)             Requested size: 154.44086pt x 98.1286pt.
<sectpnda-2.pdf, id=1143, 459.7175pt x 292.09125pt>
File: sectpnda-2.pdf Graphic file (type pdf)
<use sectpnda-2.pdf>
Package pdftex.def Info: sectpnda-2.pdf  used on input line 1179.
(pdftex.def)             Requested size: 154.44086pt x 98.1286pt.
<sectpnda-3.pdf, id=1144, 459.7175pt x 292.09125pt>
File: sectpnda-3.pdf Graphic file (type pdf)
<use sectpnda-3.pdf>
Package pdftex.def Info: sectpnda-3.pdf  used on input line 1179.
(pdftex.def)             Requested size: 154.44086pt x 98.1286pt.
<sectpnda-4.pdf, id=1145, 459.7175pt x 292.09125pt>
File: sectpnda-4.pdf Graphic file (type pdf)
<use sectpnda-4.pdf>
Package pdftex.def Info: sectpnda-4.pdf  used on input line 1179.
(pdftex.def)             Requested size: 154.44086pt x 98.1286pt.
<sectpnda-5.pdf, id=1146, 459.7175pt x 295.1025pt>
File: sectpnda-5.pdf Graphic file (type pdf)
<use sectpnda-5.pdf>
Package pdftex.def Info: sectpnda-5.pdf  used on input line 1179.
(pdftex.def)             Requested size: 154.44086pt x 99.14024pt.
<sectpnda-6.pdf, id=1147, 459.7175pt x 292.09125pt>
File: sectpnda-6.pdf Graphic file (type pdf)
<use sectpnda-6.pdf>
Package pdftex.def Info: sectpnda-6.pdf  used on input line 1179.
(pdftex.def)             Requested size: 154.44086pt x 98.1286pt.
<sectpnda-7.pdf, id=1148, 459.7175pt x 292.09125pt>
File: sectpnda-7.pdf Graphic file (type pdf)
<use sectpnda-7.pdf>
Package pdftex.def Info: sectpnda-7.pdf  used on input line 1179.
(pdftex.def)             Requested size: 154.44086pt x 98.1286pt.

Overfull \hbox (5.32256pt too wide) in paragraph at lines 1179--1180
 [][][][][][]  
 []


Overfull \hbox (5.32256pt too wide) in paragraph at lines 1179--1180
 [][][][][][]  
 []

<caussect-1.pdf, id=1151, 413.545pt x 221.82875pt>
File: caussect-1.pdf Graphic file (type pdf)
<use caussect-1.pdf>
Package pdftex.def Info: caussect-1.pdf  used on input line 1196.
(pdftex.def)             Requested size: 224.638pt x 120.49992pt.
<caussect-2.pdf, id=1152, 413.545pt x 207.77625pt>
File: caussect-2.pdf Graphic file (type pdf)
<use caussect-2.pdf>
Package pdftex.def Info: caussect-2.pdf  used on input line 1196.
(pdftex.def)             Requested size: 224.638pt x 112.86644pt.
[17 <./sectpnda-1.pdf> <./sectpnda-2.pdf> <./sectpnda-3.pdf> <./sectpnda-4.pdf>
 <./sectpnda-5.pdf> <./sectpnda-6.pdf> <./sectpnda-7.pdf>]
<top10ctry-1.pdf, id=1224, 459.7175pt x 295.1025pt>
File: top10ctry-1.pdf Graphic file (type pdf)
<use top10ctry-1.pdf>
Package pdftex.def Info: top10ctry-1.pdf  used on input line 1224.
(pdftex.def)             Requested size: 154.44086pt x 99.14024pt.
<top10ctry-2.pdf, id=1225, 459.7175pt x 292.09125pt>
File: top10ctry-2.pdf Graphic file (type pdf)
<use top10ctry-2.pdf>
Package pdftex.def Info: top10ctry-2.pdf  used on input line 1224.
(pdftex.def)             Requested size: 154.44086pt x 98.1286pt.
<top10ctry-3.pdf, id=1226, 459.7175pt x 313.17pt>
File: top10ctry-3.pdf Graphic file (type pdf)
<use top10ctry-3.pdf>
Package pdftex.def Info: top10ctry-3.pdf  used on input line 1224.
(pdftex.def)             Requested size: 154.44086pt x 105.21005pt.
<top10ctry-4.pdf, id=1227, 459.7175pt x 292.09125pt>
File: top10ctry-4.pdf Graphic file (type pdf)
<use top10ctry-4.pdf>
Package pdftex.def Info: top10ctry-4.pdf  used on input line 1224.
(pdftex.def)             Requested size: 154.44086pt x 98.1286pt.
<top10ctry-5.pdf, id=1228, 459.7175pt x 292.09125pt>
File: top10ctry-5.pdf Graphic file (type pdf)
<use top10ctry-5.pdf>
Package pdftex.def Info: top10ctry-5.pdf  used on input line 1224.
(pdftex.def)             Requested size: 154.44086pt x 98.1286pt.
<top10ctry-6.pdf, id=1229, 459.7175pt x 292.09125pt>
File: top10ctry-6.pdf Graphic file (type pdf)
<use top10ctry-6.pdf>
Package pdftex.def Info: top10ctry-6.pdf  used on input line 1224.
(pdftex.def)             Requested size: 154.44086pt x 98.1286pt.
<top10ctry-7.pdf, id=1230, 459.7175pt x 292.09125pt>
File: top10ctry-7.pdf Graphic file (type pdf)
<use top10ctry-7.pdf>
Package pdftex.def Info: top10ctry-7.pdf  used on input line 1224.
(pdftex.def)             Requested size: 154.44086pt x 98.1286pt.
<top10ctry-8.pdf, id=1231, 459.7175pt x 292.09125pt>
File: top10ctry-8.pdf Graphic file (type pdf)
<use top10ctry-8.pdf>
Package pdftex.def Info: top10ctry-8.pdf  used on input line 1224.
(pdftex.def)             Requested size: 154.44086pt x 98.1286pt.

Overfull \hbox (5.32256pt too wide) in paragraph at lines 1224--1225
 [][][][][][]  
 []


Overfull \hbox (5.32256pt too wide) in paragraph at lines 1224--1225
 [][][][][][]  
 []

[18 <./caussect-1.pdf> <./caussect-2.pdf>]
<ctryaggr-1.pdf, id=1255, 405.515pt x 184.69pt>
File: ctryaggr-1.pdf Graphic file (type pdf)
<use ctryaggr-1.pdf>
Package pdftex.def Info: ctryaggr-1.pdf  used on input line 1244.
(pdftex.def)             Requested size: 463.32257pt x 211.02502pt.
<ctryaggr-2.pdf, id=1256, 377.41pt x 48.18pt>
File: ctryaggr-2.pdf Graphic file (type pdf)
<use ctryaggr-2.pdf>
Package pdftex.def Info: ctryaggr-2.pdf  used on input line 1244.
(pdftex.def)             Requested size: 463.32257pt x 59.1478pt.
[19 <./top10ctry-1.pdf> <./top10ctry-2.pdf> <./top10ctry-3.pdf> <./top10ctry-4.
pdf> <./top10ctry-5.pdf> <./top10ctry-6.pdf> <./top10ctry-7.pdf> <./top10ctry-8
.pdf>] [20 <./ctryaggr-1.pdf> <./ctryaggr-2.pdf>] [21] [22] [23] [24] [25] [26]
[27] [28] [29] [30] (./ICIO_PAPER.bbl [31] [32] [33]) [34]
<sectp-1.pdf, id=1756, 453.695pt x 346.29375pt>
File: sectp-1.pdf Graphic file (type pdf)
<use sectp-1.pdf>
Package pdftex.def Info: sectp-1.pdf  used on input line 2154.
(pdftex.def)             Requested size: 229.32257pt x 175.03812pt.
<sectp-2.pdf, id=1757, 459.7175pt x 346.29375pt>
File: sectp-2.pdf Graphic file (type pdf)
<use sectp-2.pdf>
Package pdftex.def Info: sectp-2.pdf  used on input line 2154.
(pdftex.def)             Requested size: 229.32257pt x 172.74486pt.
<sectp-3.pdf, id=1758, 459.7175pt x 346.29375pt>
File: sectp-3.pdf Graphic file (type pdf)
<use sectp-3.pdf>
Package pdftex.def Info: sectp-3.pdf  used on input line 2154.
(pdftex.def)             Requested size: 229.32257pt x 172.74486pt.
<sectp-4.pdf, id=1759, 459.7175pt x 346.29375pt>
File: sectp-4.pdf Graphic file (type pdf)
<use sectp-4.pdf>
Package pdftex.def Info: sectp-4.pdf  used on input line 2154.
(pdftex.def)             Requested size: 229.32257pt x 172.74486pt.
<sectp-5.pdf, id=1760, 459.7175pt x 346.29375pt>
File: sectp-5.pdf Graphic file (type pdf)
<use sectp-5.pdf>
Package pdftex.def Info: sectp-5.pdf  used on input line 2154.
(pdftex.def)             Requested size: 229.32257pt x 172.74486pt.
<bayesnetwp-1.pdf, id=1761, 459.7175pt x 310.15875pt>
File: bayesnetwp-1.pdf Graphic file (type pdf)
<use bayesnetwp-1.pdf>
Package pdftex.def Info: bayesnetwp-1.pdf  used on input line 2162.
(pdftex.def)             Requested size: 154.44086pt x 104.19843pt.
<bayesnetwp-2.pdf, id=1762, 459.7175pt x 310.15875pt>
File: bayesnetwp-2.pdf Graphic file (type pdf)
<use bayesnetwp-2.pdf>
Package pdftex.def Info: bayesnetwp-2.pdf  used on input line 2162.
(pdftex.def)             Requested size: 154.44086pt x 104.19843pt.
<bayesnetwp-3.pdf, id=1763, 459.7175pt x 310.15875pt>
File: bayesnetwp-3.pdf Graphic file (type pdf)
<use bayesnetwp-3.pdf>
Package pdftex.def Info: bayesnetwp-3.pdf  used on input line 2162.
(pdftex.def)             Requested size: 154.44086pt x 104.19843pt.
<bayesnetwp-4.pdf, id=1764, 459.7175pt x 310.15875pt>
File: bayesnetwp-4.pdf Graphic file (type pdf)
<use bayesnetwp-4.pdf>
Package pdftex.def Info: bayesnetwp-4.pdf  used on input line 2162.
(pdftex.def)             Requested size: 154.44086pt x 104.19843pt.
<bayesnetwp-5.pdf, id=1765, 459.7175pt x 310.15875pt>
File: bayesnetwp-5.pdf Graphic file (type pdf)
<use bayesnetwp-5.pdf>
Package pdftex.def Info: bayesnetwp-5.pdf  used on input line 2162.
(pdftex.def)             Requested size: 154.44086pt x 104.19843pt.
<bayesnetwp-6.pdf, id=1766, 459.7175pt x 310.15875pt>
File: bayesnetwp-6.pdf Graphic file (type pdf)
<use bayesnetwp-6.pdf>
Package pdftex.def Info: bayesnetwp-6.pdf  used on input line 2162.
(pdftex.def)             Requested size: 154.44086pt x 104.19843pt.
<bayesnetwp-7.pdf, id=1767, 459.7175pt x 310.15875pt>
File: bayesnetwp-7.pdf Graphic file (type pdf)
<use bayesnetwp-7.pdf>
Package pdftex.def Info: bayesnetwp-7.pdf  used on input line 2162.
(pdftex.def)             Requested size: 154.44086pt x 104.19843pt.
<bayesnetwp-8.pdf, id=1768, 459.7175pt x 310.15875pt>
File: bayesnetwp-8.pdf Graphic file (type pdf)
<use bayesnetwp-8.pdf>
Package pdftex.def Info: bayesnetwp-8.pdf  used on input line 2162.
(pdftex.def)             Requested size: 154.44086pt x 104.19843pt.
<bayesnetwp-9.pdf, id=1769, 459.7175pt x 310.15875pt>
File: bayesnetwp-9.pdf Graphic file (type pdf)
<use bayesnetwp-9.pdf>
Package pdftex.def Info: bayesnetwp-9.pdf  used on input line 2162.
(pdftex.def)             Requested size: 154.44086pt x 104.19843pt.

Overfull \hbox (5.32256pt too wide) in paragraph at lines 2162--2163
 [][][][][][]  
 []


Overfull \hbox (5.32256pt too wide) in paragraph at lines 2162--2163
 [][][][][][]  
 []


Overfull \hbox (5.32256pt too wide) in paragraph at lines 2162--2163
 [][][][][][]  
 []

[35

]
Overfull \vbox (17.17894pt too high) has occurred while \output is active []

[36 <./sectp-1.pdf> <./sectp-2.pdf> <./sectp-3.pdf> <./sectp-4.pdf> <./sectp-5.
pdf>]
<bayessectpnda-1.pdf, id=1819, 459.7175pt x 292.09125pt>
File: bayessectpnda-1.pdf Graphic file (type pdf)
<use bayessectpnda-1.pdf>
Package pdftex.def Info: bayessectpnda-1.pdf  used on input line 2171.
(pdftex.def)             Requested size: 154.44086pt x 98.1286pt.
<bayessectpnda-2.pdf, id=1820, 459.7175pt x 292.09125pt>
File: bayessectpnda-2.pdf Graphic file (type pdf)
<use bayessectpnda-2.pdf>
Package pdftex.def Info: bayessectpnda-2.pdf  used on input line 2171.
(pdftex.def)             Requested size: 154.44086pt x 98.1286pt.
<bayessectpnda-3.pdf, id=1821, 459.7175pt x 292.09125pt>
File: bayessectpnda-3.pdf Graphic file (type pdf)
<use bayessectpnda-3.pdf>
Package pdftex.def Info: bayessectpnda-3.pdf  used on input line 2171.
(pdftex.def)             Requested size: 154.44086pt x 98.1286pt.
<bayessectpnda-4.pdf, id=1822, 459.7175pt x 292.09125pt>
File: bayessectpnda-4.pdf Graphic file (type pdf)
<use bayessectpnda-4.pdf>
Package pdftex.def Info: bayessectpnda-4.pdf  used on input line 2171.
(pdftex.def)             Requested size: 154.44086pt x 98.1286pt.
<bayessectpnda-5.pdf, id=1823, 459.7175pt x 292.09125pt>
File: bayessectpnda-5.pdf Graphic file (type pdf)
<use bayessectpnda-5.pdf>
Package pdftex.def Info: bayessectpnda-5.pdf  used on input line 2171.
(pdftex.def)             Requested size: 154.44086pt x 98.1286pt.
<bayessectpnda-6.pdf, id=1824, 459.7175pt x 292.09125pt>
File: bayessectpnda-6.pdf Graphic file (type pdf)
<use bayessectpnda-6.pdf>
Package pdftex.def Info: bayessectpnda-6.pdf  used on input line 2171.
(pdftex.def)             Requested size: 154.44086pt x 98.1286pt.
<bayessectpnda-7.pdf, id=1825, 459.7175pt x 292.09125pt>
File: bayessectpnda-7.pdf Graphic file (type pdf)
<use bayessectpnda-7.pdf>
Package pdftex.def Info: bayessectpnda-7.pdf  used on input line 2171.
(pdftex.def)             Requested size: 154.44086pt x 98.1286pt.

Overfull \hbox (5.32256pt too wide) in paragraph at lines 2171--2172
 [][][][][][]  
 []


Overfull \hbox (5.32256pt too wide) in paragraph at lines 2171--2172
 [][][][][][]  
 []

[37 <./bayesnetwp-1.pdf> <./bayesnetwp-2.pdf> <./bayesnetwp-3.pdf> <./bayesnetw
p-4.pdf> <./bayesnetwp-5.pdf> <./bayesnetwp-6.pdf> <./bayesnetwp-7.pdf> <./baye
snetwp-8.pdf> <./bayesnetwp-9.pdf>]
No file ICIO_PAPER.gls.

Underfull \hbox (badness 10000) in paragraph at lines 2206--2206
[]|\T1/lmr/bx/n/10 (+20) Node-
 []


Underfull \hbox (badness 10000) in paragraph at lines 2206--2206
\T1/lmr/bx/n/10 (+20) Level
 []


Underfull \hbox (badness 10000) in paragraph at lines 2206--2206
[]|\T1/lmr/m/n/10 (+20) Outdegree
 []


Underfull \hbox (badness 6268) in paragraph at lines 2206--2206
[]|\T1/lmr/m/n/10 (+20) Degree cen-
 []


Underfull \hbox (badness 10000) in paragraph at lines 2206--2206
[]|\T1/lmr/m/n/10 (+20) Instrength
 []


Underfull \hbox (badness 10000) in paragraph at lines 2206--2206
[]|\T1/lmr/m/n/10 (+20) Outstrength
 []


Underfull \hbox (badness 10000) in paragraph at lines 2206--2206
[]|\T1/lmr/m/n/10 (+20) Betweenness
 []


Underfull \hbox (badness 10000) in paragraph at lines 2206--2206
[]|\T1/lmr/m/n/10 (+20) Closeness
 []


Underfull \hbox (badness 10000) in paragraph at lines 2206--2206
[]|\T1/lmr/m/n/10 (+20) Eigenvector
 []


Underfull \hbox (badness 10000) in paragraph at lines 2206--2206
[]|\T1/lmr/m/n/10 (+20) Authority
 []


Underfull \hbox (badness 10000) in paragraph at lines 2206--2206
[]|\T1/lmr/m/n/10 (+20) PageRank
 []

[38 <./bayessectpnda-1.pdf> <./bayessectpnda-2.pdf> <./bayessectpnda-3.pdf> <./
bayessectpnda-4.pdf> <./bayessectpnda-5.pdf> <./bayessectpnda-6.pdf> <./bayesse
ctpnda-7.pdf>]
Underfull \hbox (badness 10000) in paragraph at lines 2252--2252
[]|\T1/lmr/bx/n/10 (+20) Network-
 []


Underfull \hbox (badness 10000) in paragraph at lines 2252--2252
\T1/lmr/bx/n/10 (+20) Level
 []


Underfull \hbox (badness 10000) in paragraph at lines 2252--2252
[]|\T1/lmr/m/n/10 (+20) Multilayer
 []


Underfull \hbox (badness 10000) in paragraph at lines 2252--2252
[]|\T1/lmr/m/n/10 (+20) Outdegree
 []


Underfull \hbox (badness 10000) in paragraph at lines 2252--2252
\T1/lmr/m/n/10 (+20) Cen-tral-iza-
 []


Underfull \hbox (badness 10000) in paragraph at lines 2252--2252
[]|\T1/lmr/m/n/10 (+20) Betweenness
 []


Underfull \hbox (badness 10000) in paragraph at lines 2252--2252
\T1/lmr/m/n/10 (+20) Cen-tral-iza-
 []


Underfull \hbox (badness 10000) in paragraph at lines 2252--2252
[]|\T1/lmr/m/n/10 (+20) Closeness
 []


Underfull \hbox (badness 10000) in paragraph at lines 2252--2252
\T1/lmr/m/n/10 (+20) Cen-tral-iza-
 []


Underfull \hbox (badness 10000) in paragraph at lines 2252--2252
[]|\T1/lmr/m/n/10 (+20) PageRank
 []


Underfull \hbox (badness 10000) in paragraph at lines 2252--2252
\T1/lmr/m/n/10 (+20) Cen-tral-iza-
 []


Underfull \hbox (badness 10000) in paragraph at lines 2252--2252
[]|\T1/lmr/m/n/10 (+20) Resilience
 []


Underfull \hbox (badness 10000) in paragraph at lines 2252--2252
\T1/lmr/m/n/10 (+20) Sys-tem-atic
 []


Underfull \hbox (badness 10000) in paragraph at lines 2252--2252
[]|\T1/lmr/m/n/10 (+20) Modularity
 []


Underfull \hbox (badness 2653) in paragraph at lines 2252--2252
[]|\T1/lmr/m/n/10 (+20) Reach Club
 []


Underfull \hbox (badness 10000) in paragraph at lines 2252--2252
[]|\T1/lmr/m/n/10 (+20) Multilayer
 []

[39{/usr/local/texlive/2024/texmf-dist/fonts/enc/dvips/lm/lm-mathex.enc}] [40] 
[41] [42] [43]
Underfull \hbox (badness 10000) in paragraph at lines 2593--2593
[]|\T1/lmr/bx/n/10 (+20) Similarity
 []


Underfull \hbox (badness 10000) in paragraph at lines 2593--2593
[]|\T1/lmr/m/n/10 (+20) Shortest
 []


Underfull \hbox (badness 10000) in paragraph at lines 2593--2593
\T1/lmr/m/n/10 (+20) path dis-
 []

[44] [45] [46] [47] (./ICIO_PAPER.aux)
 ***********
LaTeX2e <2023-11-01> patch level 1
L3 programming layer <2024-04-11>
 ***********
Package rerunfilecheck Info: File `ICIO_PAPER.out' has not changed.
(rerunfilecheck)             Checksum: 93BA59306079D4BF4ADFDE8A254AA5DB;7866.
 ) 
Here is how much of TeX's memory you used:
 24978 strings out of 474050
 405124 string characters out of 5742263
 1973751 words of memory out of 5000000
 46329 multiletter control sequences out of 15000+600000
 646407 words of font info for 246 fonts, out of 8000000 for 9000
 1141 hyphenation exceptions out of 8191
 94i,21n,93p,2376b,796s stack positions out of 10000i,1000n,20000p,200000b,200000s

pdfTeX warning (dest): name{glo:fevd} has been referenced but does not exist, r
eplaced by a fixed one


pdfTeX warning (dest): name{glo:bic} has been referenced but does not exist, re
placed by a fixed one


pdfTeX warning (dest): name{glo:aic} has been referenced but does not exist, re
placed by a fixed one


pdfTeX warning (dest): name{glo:adf} has been referenced but does not exist, re
placed by a fixed one


pdfTeX warning (dest): name{glo:pacf} has been referenced but does not exist, r
eplaced by a fixed one


pdfTeX warning (dest): name{glo:acf} has been referenced but does not exist, re
placed by a fixed one


pdfTeX warning (dest): name{glo:ict} has been referenced but does not exist, re
placed by a fixed one


pdfTeX warning (dest): name{glo:wto} has been referenced but does not exist, re
placed by a fixed one


pdfTeX warning (dest): name{glo:sc} has been referenced but does not exist, rep
laced by a fixed one


pdfTeX warning (dest): name{glo:va} has been referenced but does not exist, rep
laced by a fixed one


pdfTeX warning (dest): name{glo:ibbig} has been referenced but does not exist, 
replaced by a fixed one


pdfTeX warning (dest): name{glo:gnda} has been referenced but does not exist, r
eplaced by a fixed one


pdfTeX warning (dest): name{glo:sp} has been referenced but does not exist, rep
laced by a fixed one


pdfTeX warning (dest): name{glo:pd} has been referenced but does not exist, rep
laced by a fixed one


pdfTeX warning (dest): name{glo:es} has been referenced but does not exist, rep
laced by a fixed one


pdfTeX warning (dest): name{glo:ns} has been referenced but does not exist, rep
laced by a fixed one


pdfTeX warning (dest): name{glo:cz} has been referenced but does not exist, rep
laced by a fixed one


pdfTeX warning (dest): name{glo:mva} has been referenced but does not exist, re
placed by a fixed one


pdfTeX warning (dest): name{glo:mlglclu} has been referenced but does not exist
, replaced by a fixed one


pdfTeX warning (dest): name{glo:mod} has been referenced but does not exist, re
placed by a fixed one


pdfTeX warning (dest): name{glo:assort} has been referenced but does not exist,
 replaced by a fixed one


pdfTeX warning (dest): name{glo:rcc} has been referenced but does not exist, re
placed by a fixed one


pdfTeX warning (dest): name{glo:gle} has been referenced but does not exist, re
placed by a fixed one


pdfTeX warning (dest): name{glo:ale} has been referenced but does not exist, re
placed by a fixed one


pdfTeX warning (dest): name{glo:prz} has been referenced but does not exist, re
placed by a fixed one


pdfTeX warning (dest): name{glo:bz} has been referenced but does not exist, rep
laced by a fixed one


pdfTeX warning (dest): name{glo:dzo} has been referenced but does not exist, re
placed by a fixed one


pdfTeX warning (dest): name{glo:dzi} has been referenced but does not exist, re
placed by a fixed one


pdfTeX warning (dest): name{glo:sres} has been referenced but does not exist, r
eplaced by a fixed one


pdfTeX warning (dest): name{glo:rres} has been referenced but does not exist, r
eplaced by a fixed one


pdfTeX warning (dest): name{glo:trans} has been referenced but does not exist, 
replaced by a fixed one


pdfTeX warning (dest): name{glo:mlavpl} has been referenced but does not exist,
 replaced by a fixed one


pdfTeX warning (dest): name{glo:avpl} has been referenced but does not exist, r
eplaced by a fixed one


pdfTeX warning (dest): name{glo:dens} has been referenced but does not exist, r
eplaced by a fixed one


pdfTeX warning (dest): name{glo:var} has been referenced but does not exist, re
placed by a fixed one


pdfTeX warning (dest): name{glo:arima} has been referenced but does not exist, 
replaced by a fixed one


pdfTeX warning (dest): name{glo:hom} has been referenced but does not exist, re
placed by a fixed one


pdfTeX warning (dest): name{glo:hub} has been referenced but does not exist, re
placed by a fixed one


pdfTeX warning (dest): name{glo:aut} has been referenced but does not exist, re
placed by a fixed one


pdfTeX warning (dest): name{glo:prc} has been referenced but does not exist, re
placed by a fixed one


pdfTeX warning (dest): name{glo:ec} has been referenced but does not exist, rep
laced by a fixed one


pdfTeX warning (dest): name{glo:cc} has been referenced but does not exist, rep
laced by a fixed one


pdfTeX warning (dest): name{glo:bc} has been referenced but does not exist, rep
laced by a fixed one


pdfTeX warning (dest): name{glo:sco} has been referenced but does not exist, re
placed by a fixed one


pdfTeX warning (dest): name{glo:sci} has been referenced but does not exist, re
placed by a fixed one


pdfTeX warning (dest): name{glo:dc} has been referenced but does not exist, rep
laced by a fixed one


pdfTeX warning (dest): name{glo:dco} has been referenced but does not exist, re
placed by a fixed one


pdfTeX warning (dest): name{glo:dci} has been referenced but does not exist, re
placed by a fixed one


pdfTeX warning (dest): name{glo:dmn} has been referenced but does not exist, re
placed by a fixed one


pdfTeX warning (dest): name{glo:fd} has been referenced but does not exist, rep
laced by a fixed one


pdfTeX warning (dest): name{glo:oecd} has been referenced but does not exist, r
eplaced by a fixed one


pdfTeX warning (dest): name{glo:gvc} has been referenced but does not exist, re
placed by a fixed one


pdfTeX warning (dest): name{glo:gnn} has been referenced but does not exist, re
placed by a fixed one


pdfTeX warning (dest): name{glo:icio} has been referenced but does not exist, r
eplaced by a fixed one


pdfTeX warning (dest): name{glo:bfa} has been referenced but does not exist, re
placed by a fixed one


pdfTeX warning (dest): name{glo:mcmc} has been referenced but does not exist, r
eplaced by a fixed one


pdfTeX warning (dest): name{glo:bvar} has been referenced but does not exist, r
eplaced by a fixed one

</usr/local/texlive/2024/texmf-dist/fonts/type1/public/lm/lmbx10.pfb></usr/loca
l/texlive/2024/texmf-dist/fonts/type1/public/lm/lmbx7.pfb></usr/local/texlive/2
024/texmf-dist/fonts/type1/public/lm/lmbx8.pfb></usr/local/texlive/2024/texmf-d
ist/fonts/type1/public/lm/lmex10.pfb></usr/local/texlive/2024/texmf-dist/fonts/
type1/public/lm/lmmi10.pfb></usr/local/texlive/2024/texmf-dist/fonts/type1/publ
ic/lm/lmmi5.pfb></usr/local/texlive/2024/texmf-dist/fonts/type1/public/lm/lmmi7
.pfb></usr/local/texlive/2024/texmf-dist/fonts/type1/public/lm/lmmib10.pfb></us
r/local/texlive/2024/texmf-dist/fonts/type1/public/lm/lmr10.pfb></usr/local/tex
live/2024/texmf-dist/fonts/type1/public/lm/lmr12.pfb></usr/local/texlive/2024/t
exmf-dist/fonts/type1/public/lm/lmr5.pfb></usr/local/texlive/2024/texmf-dist/fo
nts/type1/public/lm/lmr7.pfb></usr/local/texlive/2024/texmf-dist/fonts/type1/pu
blic/lm/lmr8.pfb></usr/local/texlive/2024/texmf-dist/fonts/type1/public/lm/lmri
10.pfb></usr/local/texlive/2024/texmf-dist/fonts/type1/public/lm/lmri8.pfb></us
r/local/texlive/2024/texmf-dist/fonts/type1/public/lm/lmsy10.pfb></usr/local/te
xlive/2024/texmf-dist/fonts/type1/public/lm/lmsy5.pfb></usr/local/texlive/2024/
texmf-dist/fonts/type1/public/lm/lmsy6.pfb></usr/local/texlive/2024/texmf-dist/
fonts/type1/public/lm/lmsy7.pfb></usr/local/texlive/2024/texmf-dist/fonts/type1
/public/lm/lmsy8.pfb></usr/local/texlive/2024/texmf-dist/fonts/type1/public/lm/
lmtt10.pfb></usr/local/texlive/2024/texmf-dist/fonts/type1/public/lm/lmtt8.pfb>
</usr/local/texlive/2024/texmf-dist/fonts/type1/public/amsfonts/symbols/msbm10.
pfb>
Output written on ICIO_PAPER.pdf (47 pages, 2737291 bytes).
PDF statistics:
 2281 PDF objects out of 2487 (max. 8388607)
 1957 compressed objects within 20 object streams
 334 named destinations out of 1000 (max. 500000)
 46668 words of extra memory for PDF output out of 51595 (max. 10000000)

